# Expected Bool | TNK regression contract
true   # vswf VS-NAT
true   # vswf VS-ACU
false  # reject associative-without-commutative constructor
false  # reject modules with memberships
true   # free equality satisfiable
false  # equality plus same disequality unsatisfiable
true   # later DNF branch satisfiable
true   # simultaneous positive unifiers
false  # incompatible positive unifiers
true   # finite Bool disequality has a witness
false  # no Bool differs from both constructors
true   # Bool constructor exhaustiveness is valid
true   # negated equality satisfiable
true   # implication valid
true   # iff valid
false  # existential over empty constructor domain has no assignment
true   # universal formula over empty constructor domain is vacuously valid
true   # AC constructor unification
true   # C constructor unification
true   # CUI constructor unification
true   # ACU constructor unification with explicit infinite override
true   # one-sided identity constructor unification
true   # variant equation reaches b
false  # variant equation cannot reach a
false  # constructor variants cover every infinite-sort assignment
true   # overloaded constructor reflexivity
true   # overloaded constructor disequality
